Python 3.5.2+ (default, Sep 22 2016, 12:18:14) 
[GCC 6.2.0 20160927] on linux
Type "copyright", "credits" or "license()" for more information.
>>> 
=========== RESTART: /home/brent/teaching/150/lectures/S17/cake.py ===========
>>> average_num_blows(100, 12000)
5.1706666666666665
>>> average_num_blows(500, 12000)
6.7484166666666665
>>> average_num_blows(10000, 12000)
9.78025
>>> average_num_blows(1000000, 120000)
14.391775
>>> 
=========== RESTART: /home/brent/teaching/150/lectures/S17/cake.py ===========
>>> graph_cakes(100)
Traceback (most recent call last):
  File "<pyshell#4>", line 1, in <module>
    graph_cakes(100)
  File "/home/brent/teaching/150/lectures/S17/cake.py", line 94, in graph_cakes
    print(str(k) + " " + average_num_blows(k, 1000))
TypeError: Can't convert 'float' object to str implicitly
>>> 
=========== RESTART: /home/brent/teaching/150/lectures/S17/cake.py ===========
>>> graph_cakes(100)
1 1.0
2 1.495
3 1.854
4 2.101
5 2.296
6 2.394
7 2.589
8 2.74
9 2.895
10 2.914
11 3.05
12 3.136
13 3.165
14 3.325
15 3.349
16 3.445
17 3.4
18 3.447
19 3.593
20 3.6
21 3.738
22 3.659
23 3.816
24 3.767
25 3.823
26 3.859
27 3.788
28 3.92
29 3.93
30 3.927
31 4.001
32 4.065
33 4.055
34 4.07
35 4.187
36 4.176
37 4.24
38 4.202
39 4.172
40 4.305
41 4.349
42 4.342
43 4.31
44 4.338
45 4.389
46 4.333
47 4.434
48 4.454
49 4.529
50 4.463
51 4.517
52 4.511
53 4.571
54 4.586
55 4.653
56 4.658
57 4.68
58 4.692
59 4.564
60 4.691
61 4.749
62 4.78
63 4.772
64 4.638
65 4.651
66 4.757
67 4.811
68 4.805
69 4.917
70 4.837
71 4.836
72 4.79
73 4.931
74 4.9
75 4.87
76 4.928
77 4.915
78 4.906
79 4.98
80 5.03
81 4.936
82 4.877
83 4.961
84 5.05
85 5.139
86 5.091
87 5.066
88 4.984
89 5.002
90 5.159
91 5.058
92 5.135
93 5.172
94 5.131
95 5.101
96 5.039
97 5.079
98 5.162
99 5.114
100 5.269
>>> 
=========== RESTART: /home/brent/teaching/150/lectures/S17/cake.py ===========
>>> graph_cakes(1000)
>>> 
=========== RESTART: /home/brent/teaching/150/lectures/S17/cake.py ===========
>>> graph_cakes(1000)
>>> 
